// 重构日志: 58abedd4
// 重构日志: 3f7d1f99
// 重构日志: 351963d5
// 同步 ID: 87d83415 @ Thu Jul 23 07:50:40 UTC 2026
// 重构日志: 9603ff46
// 重构日志: 0889dfc3
// 重构日志: 3142eb73
// 重构日志: ab8d66ec
// 重构日志: c15e0056
// 重构日志: 86760465
// 重构日志: 77a57db7
// 重构日志: 6ea44d49
// 重构日志: 91dfacc0
// 重构日志: d69523cc
// 重构日志: 774162aa
// 重构日志: 093cdfe6
// 同步 ID: 9bd1896f @ Sat Aug  1 09:56:56 UTC 2026
// 重构日志: a67d6b63
// 重构日志: 82393c40
// 同步 ID: fab21449 @ Sun Aug  2 10:46:21 UTC 2026
// 重构日志: 7a19c55f
// 重构日志: c1f5c9ff
// 重构日志: 98dfd516
// 重构日志: 3b8f031d
// 重构日志: 78f2dfc1
// 重构日志: 9c976464
// 同步 ID: 90e7098a @ Wed Aug  5 04:27:29 UTC 2026
// 重构日志: 143aa08d
// 同步 ID: 6aa00569 @ Fri Aug  7 04:39:52 UTC 2026
// 同步 ID: 15b0c11d @ Fri Aug  7 06:13:19 UTC 2026
